// Jest Snapshot v1, https://goo.gl/fbAQLP

exports[`TestSample.js 初期表示 初期表示スナップショット 1`] = `
Object {
  "html": "<div><ul><li>
      Coffee
    </li><li>
      Tea
    </li><li>
      Snicker
    </li><li>
      Mars
    </li></ul> <button id=\\"toggleLoading\\">false</button></div>",
}
`;
